BEGIN:VCALENDAR
VERSION:2.0
PRODID:spatie/icalendar-generator
NAME:Laracon online
X-WR-CALNAME:Laracon online
REFRESH-INTERVAL;VALUE=DURATION:PT5M
X-PUBLISHED-TTL:PT5M
BEGIN:VTIMEZONE
TZID:UTC
BEGIN:STANDARD
DTSTART:20180609T150000
TZOFFSETFROM:+0000
TZOFFSETTO:+0000
END:STANDARD
END:VTIMEZONE
BEGIN:VTIMEZONE
TZID:Europe/Brussels
BEGIN:STANDARD
DTSTART:20181028T030000
TZOFFSETFROM:+0200
TZOFFSETTO:+0100
END:STANDARD
BEGIN:DAYLIGHT
DTSTART:20190331T020000
TZOFFSETFROM:+0100
TZOFFSETTO:+0200
END:DAYLIGHT
END:VTIMEZONE
BEGIN:VEVENT
UID:uuid_1
DTSTAMP:20190306T160000Z
DESCRIPTION:This description is way too long and should be put onto two dif
 ferent lines in the vcalendar
LOCATION:Samberstraat 69D\, 2060 Antwerp\, Belgium
CLASS:PUBLIC
STATUS:TENTATIVE
TRANSP:TRANSPARENT
ORGANIZER;CN=Ruben:MAILTO:ruben@spatie.be
URL:http://example.com/pub/calendars/jsmith/mytime.ics
ATTENDEE;CN=Brent;PARTSTAT=ACCEPTED:MAILTO:brent@spatie.be
ATTENDEE;CN=Alex;PARTSTAT=DECLINED:MAILTO:alex@spatie.be
ATTENDEE;CN=Freek;PARTSTAT=TENTATIVE:MAILTO:freek@spatie.be
DTSTART:20190306T150000Z
DTEND:20190306T160000Z
GEO:51.2343;4.4287
X-APPLE-STRUCTURED-LOCATION;VALUE=URI;X-ADDRESS=Samberstraat 69D\, 2060 Ant
 werp\, Belgium;X-APPLE-RADIUS=72;X-TITLE=Spatie HQ:geo:51.2343,4.4287
BEGIN:VALARM
ACTION:DISPLAY
TRIGGER:-PT5M
DESCRIPTION:Laracon online is going to start in five mintutes
END:VALARM
BEGIN:VALARM
ACTION:DISPLAY
TRIGGER;RELATED=END:PT5M
DESCRIPTION:Laracon online has ended\, see you next year!
END:VALARM
BEGIN:VALARM
ACTION:DISPLAY
TRIGGER;VALUE=DATE-TIME:20200516T120000Z
DESCRIPTION:Laracon online has ended\, see you next year!
END:VALARM
END:VEVENT
BEGIN:VEVENT
UID:uuid_2
DTSTAMP:20190306T150000Z
SUMMARY:Laracon Online
DTSTART:20190306T150000Z
DTEND:20190307T150000Z
END:VEVENT
BEGIN:VEVENT
UID:uuid_3
DTSTAMP:20190306T160000Z
SUMMARY:In a timezone
URL:
DTSTART;TZID=Europe/Brussels:20190306T000000
END:VEVENT
END:VCALENDAR